1)Write a shell script to find the sum, the average and the product of the four
integers entered
echo enter 4 numbers
read a b c d
((sum=a+b+c+d))
echo "Sum = $sum"

avg=$(echo "scale=2; $sum/4"| bc -l)
echo "Average = $avg"

((product=a*b*c*d))
echo "Product = $product"
 
 
output
developer@ccfl6-pc12:~/meghamca/shell$ bash calc.sh
enter 4 numbers
2 3 2 3
Sum = 10
Average = 2.50
Product = 36

2)
a) Write a program to check whether a number entered is odd or even.
b) Write a shell script to print given number in reverse order
c) Write a shell script to print sum of all digits of a given number

echo "Enter option between 1 and 3:"
read n
case $n in

1)
echo "Enter number:"
read a
if(($a == 0 ))then
  echo "The number is zero"
elif (($a%2==0))then
echo "The number is even"
else
echo "The number is odd"
fi
;;

2)
rev_num=$(echo $num | rev)
echo "Reverse of number is:$rev_num"
;;

3)
echo "Enter number:"
read num
while (($num > 0))
do
sum=$((sum + num % 10))
num=$((num/10))
done
echo "Sum of digits:$sum"
;;
4)
echo"Invalid"
;;
esac

3)Write a shell script that accepts any year from the keyboard and determine
whether the year is a leap year or not.

echo "Enter a year:"
read year
if (($year % 4 == 0))then
  if (($year % 100 == 0))then
    if(($year % 400 == 0))then
     echo "the $year is a leap year"
    else
     echo "the $year is not a leap year"
    fi
  else
     echo "$year is a leap year."
    fi
else
    echo "$year is not a leap year."
fi   

output 

developer@ccfl6-pc12:~/meghamca/shell$ bash q2c.sh
Enter a year:
2018
2018 is not a leap year.
developer@ccfl6-pc12:~/meghamca/shell$ bash q2c.sh
Enter a year:
2032
2032 is a leap year.

4)
echo "Enter number:"
read num
factorial=1
for ((i=1; i<=num; i++)); do
factorial=$(echo "$factorial * $i" | bc)
done
echo "Factorial of $num is: $factorial"

output

developer@ccfl6-pc12:~/meghamca/shell$ bash q4.sh
Enter number:
5
Factorial of 5 is: 120

5)Write a program to print prime numbers from 1 to 100

echo "Prime numbers between 1 and 100:"
for (( num=2; num<=100; num++ ))
do
is_prime=1
for (( i=2; i<=num/2; i++ ))
do
if (($num % i==0))
then
is_prime=0
break
fi
done
if ((is_prime ==1))
then
echo -n "$num "
fi
done
echo

output
developer@ccfl6-pc12:~/meghamca/shell$ bash q5.sh
Prime numbers between 1 and 100:
2 3 5 7 11 13 17 19 23 29 31 37 41 43 47 53 59 61 67 71 73 79 83 89 97 

6)Write a script for printing Numbers in ascending order
echo "Enter no of elements:"
read n
echo "Enter elements:"
for((i=0;i<n;i++))
do
read a[$i]
done
	for((i=0;i<n;i++))
	do
	for((j=$i+1;j<n;j++))
	do
	if ((a[$i] > a[$j]))
	then
		x=${a[$i]}
		a[$i]=${a[$j]}
		a[$j]=$x
	fi
	done
	done
echo "Sorted form:"
for((i=0;i<n;i++))
do
echo -n "${a[$i]} "
done

output
developer@ccfl6-pc12:~/meghamca/shell$ bash q6.sh
Enter no of elements:
4
Enter elements:
7
4
9
5
Sorted form:
4 5 7 9 

7)Write a shell script which displays a list of files in the current directory to
which we have read, write and execute permissions.
for file in `ls`
do
if [ -f "$file" ] && [ -r "$file" ] || [ -w "$file" ] || [ -x "$file" ]
then
echo $file
fi
done

output
developer@ccfl6-pc12:~/meghamca/shell$ bash q7.sh
arr.sh
calc.sh
for.sh
if.sh
output
output_shellcycle
prime.sh
prime.sh+
q2a.sh
q2b.sh
q2c.sh
q2.sh
q3.sh
q4.sh
q5.sh
q6.sh
q7.sh
q8.sh
q9.sh
sum.sh
while.sh


8)Write a shell script to find the number of occurrences of a particular digit in a
given number.
echo "Enter a number:"
read n
echo "Enter a number to find: "
read num
count=0
while (( n > 0 ))
	do
		if((n%10==num));then
	        count=$((count + 1))
		fi
		n=$((n / 10)) 
	done	
echo "$num occurs $count times"	

output
developer@ccfl6-pc12:~/meghamca/shell$ bash q8.sh
Enter a number:
4567535
Enter a number to find: 
5
5 occurs 3 times

9)Write shell script to print alternate digits when a 7 digit number is passed as
input. (Eg: Input: 1234567, Ans: 1,3,5,7)


pos=1
i=0
echo "Enter a number: "
read number 

echo "Numbers are: $number"
while ((number > 0)); do
    digit=$((number % 10))

    if ((pos % 2 == 1)); then
        a[$i]=$digit     
        ((i++))
    fi

    number=$((number / 10))
    ((pos++))
done

echo "Alternate nubers:"
for ((k = i - 1; k >= 0; k--)); do
    echo -n "${a[$k]} "
done

output
developer@ccfl6-pc12:~/meghamca/shell$ bash q9.sh
Enter a number: 
1234567
Numbers are: 1234567
Alternate nubers:
1 3 5 7 

q10)Write a shell script that takes a command line argument and displays the
details depending on whether the argument is a directory, a file, or something
else.
if [ $# -eq 0 ];then
	echo "file name : $0"	
	exit 1
fi	
content=$1	

if [ -d $content ];then
	echo "$content is a directory"
	
elif [ -f $content ];then
	echo "$content is a file"	
	
else 
	echo "$content is something"	
fi	

output

developer@ccfl6-pc12:~/meghamca/shell$ bash q10.sh
file name : q10.sh
developer@ccfl6-pc12:~/meghamca/shell$ bash q10.sh newdir
newdir is a directory
developer@ccfl6-pc12:~/meghamca/shell$ bash q10.sh output
output is a file
developer@ccfl6-pc12:~/meghamca/shell$ bash q10.sh kkaks
kkaks is something
developer@ccfl6-pc12:~/meghamca/shell$ bash q9.sh





